// Jest Snapshot v1, https://goo.gl/fbAQLP

exports[`should return the home page 1`] = `
Object {
  "asFragment": [Function],
  "baseElement": <body>
    <div>
      <div
        class="App"
      >
        <div
          class="container"
        >
          <input
            class="input"
            id="number"
            placeholder="Enter Amount"
            type="number"
          />
          <br />
          <select
            class="select"
            id="crypto"
            name="crypto"
          >
            <option
              value="1"
            >
              Bitcoin (BTC)
            </option>
            <option
              value="2"
            >
              Litecoin (LIT)
            </option>
            <option
              value="3"
            >
              Namecoin (NMC)
            </option>
          </select>
          <button
            type="button"
          >
            <i
              aria-hidden="true"
              class="fa fa-exchange"
            />
          </button>
          <select
            class="select"
            id="currency"
            name="currency"
          >
            <option
              value="USD"
            >
              US Dollars ($)
            </option>
            <option
              value="GBP"
            >
              Pound Sterling (£)
            </option>
            <option
              value="UGX"
            >
              Uganda Shillings (/-)
            </option>
          </select>
          <p>
            0
          </p>
        </div>
      </div>
    </div>
  </body>,
  "container": <div>
    <div
      class="App"
    >
      <div
        class="container"
      >
        <input
          class="input"
          id="number"
          placeholder="Enter Amount"
          type="number"
        />
        <br />
        <select
          class="select"
          id="crypto"
          name="crypto"
        >
          <option
            value="1"
          >
            Bitcoin (BTC)
          </option>
          <option
            value="2"
          >
            Litecoin (LIT)
          </option>
          <option
            value="3"
          >
            Namecoin (NMC)
          </option>
        </select>
        <button
          type="button"
        >
          <i
            aria-hidden="true"
            class="fa fa-exchange"
          />
        </button>
        <select
          class="select"
          id="currency"
          name="currency"
        >
          <option
            value="USD"
          >
            US Dollars ($)
          </option>
          <option
            value="GBP"
          >
            Pound Sterling (£)
          </option>
          <option
            value="UGX"
          >
            Uganda Shillings (/-)
          </option>
        </select>
        <p>
          0
        </p>
      </div>
    </div>
  </div>,
  "debug": [Function],
  "findAllByAltText": [Function],
  "findAllByDisplayValue": [Function],
  "findAllByLabelText": [Function],
  "findAllByPlaceholderText": [Function],
  "findAllByRole": [Function],
  "findAllByTestId": [Function],
  "findAllByText": [Function],
  "findAllByTitle": [Function],
  "findByAltText": [Function],
  "findByDisplayValue": [Function],
  "findByLabelText": [Function],
  "findByPlaceholderText": [Function],
  "findByRole": [Function],
  "findByTestId": [Function],
  "findByText": [Function],
  "findByTitle": [Function],
  "getAllByAltText": [Function],
  "getAllByDisplayValue": [Function],
  "getAllByLabelText": [Function],
  "getAllByPlaceholderText": [Function],
  "getAllByRole": [Function],
  "getAllByTestId": [Function],
  "getAllByText": [Function],
  "getAllByTitle": [Function],
  "getByAltText": [Function],
  "getByDisplayValue": [Function],
  "getByLabelText": [Function],
  "getByPlaceholderText": [Function],
  "getByRole": [Function],
  "getByTestId": [Function],
  "getByText": [Function],
  "getByTitle": [Function],
  "queryAllByAltText": [Function],
  "queryAllByDisplayValue": [Function],
  "queryAllByLabelText": [Function],
  "queryAllByPlaceholderText": [Function],
  "queryAllByRole": [Function],
  "queryAllByTestId": [Function],
  "queryAllByText": [Function],
  "queryAllByTitle": [Function],
  "queryByAltText": [Function],
  "queryByDisplayValue": [Function],
  "queryByLabelText": [Function],
  "queryByPlaceholderText": [Function],
  "queryByRole": [Function],
  "queryByTestId": [Function],
  "queryByText": [Function],
  "queryByTitle": [Function],
  "rerender": [Function],
  "unmount": [Function],
}
`;
